c:\users\姚浩天\desktop\procesships\processhipsring3\x64\debug\processhipsring3.pch
c:\users\姚浩天\desktop\procesships\processhipsring3\x64\debug\vc142.pdb
c:\users\姚浩天\desktop\procesships\processhipsring3\x64\debug\vc142.idb
c:\users\姚浩天\desktop\procesships\processhipsring3\x64\debug\pch.obj
c:\users\姚浩天\desktop\procesships\processhipsring3\x64\debug\processhipsring3dlg.obj
c:\users\姚浩天\desktop\procesships\processhipsring3\x64\debug\processhipsring3.obj
c:\users\姚浩天\desktop\procesships\processhipsring3\x64\debug\processhelper.obj
c:\users\姚浩天\desktop\procesships\processhipsring3\x64\debug\notifydlg.obj
c:\users\姚浩天\desktop\procesships\processhipsring3\x64\debug\processhipsring3.ilk
c:\users\姚浩天\desktop\procesships\x64\debug\processhipsring3.exe
c:\users\姚浩天\desktop\procesships\x64\debug\processhipsring3.pdb
c:\users\姚浩天\desktop\procesships\processhipsring3\x64\debug\processhipsring3.res
c:\users\姚浩天\desktop\procesships\processhipsring3\x64\debug\processhipsring3.tlog\cl.command.1.tlog
c:\users\姚浩天\desktop\procesships\processhipsring3\x64\debug\processhipsring3.tlog\cl.read.1.tlog
c:\users\姚浩天\desktop\procesships\processhipsring3\x64\debug\processhipsring3.tlog\cl.write.1.tlog
c:\users\姚浩天\desktop\procesships\processhipsring3\x64\debug\processhipsring3.tlog\link.command.1.tlog
c:\users\姚浩天\desktop\procesships\processhipsring3\x64\debug\processhipsring3.tlog\link.read.1.tlog
c:\users\姚浩天\desktop\procesships\processhipsring3\x64\debug\processhipsring3.tlog\link.write.1.tlog
c:\users\姚浩天\desktop\procesships\processhipsring3\x64\debug\processhipsring3.tlog\rc.command.1.tlog
c:\users\姚浩天\desktop\procesships\processhipsring3\x64\debug\processhipsring3.tlog\rc.read.1.tlog
c:\users\姚浩天\desktop\procesships\processhipsring3\x64\debug\processhipsring3.tlog\rc.write.1.tlog
